Thread 1 ============================================
HTTP/1.1 400 Bad Request
Content-Length: 0
Connection: close
Server: Jetty(9.2.3.v20140905)


Thread 2 ============================================
HTTP/1.1 400 Bad Request
Content-Length: 0
Connection: close
Server: Jetty(9.2.3.v20140905)


Thread 3 ============================================
HTTP/1.1 400 Bad Request
Content-Length: 0
Connection: close
Server: Jetty(9.2.3.v20140905)


Thread 4 ============================================
HTTP/1.1 400 Bad Request
Content-Length: 0
Connection: close
Server: Jetty(9.2.3.v20140905)


Thread 5 ============================================
HTTP/1.1 400 Bad Request
Content-Length: 0
Connection: close
Server: Jetty(9.2.3.v20140905)


Thread 6 ============================================
HTTP/1.1 400 Bad Request
Content-Length: 0
Connection: close
Server: Jetty(9.2.3.v20140905)


Thread 7 ============================================
HTTP/1.1 400 Bad Request
Content-Length: 0
Connection: close
Server: Jetty(9.2.3.v20140905)


Thread 8 ============================================
HTTP/1.1 400 Bad Request
Content-Length: 0
Connection: close
Server: Jetty(9.2.3.v20140905)


Thread 9 ============================================
HTTP/1.1 400 Bad Request
Content-Length: 0
Connection: close
Server: Jetty(9.2.3.v20140905)


Thread 10 ============================================
HTTP/1.1 400 Bad Request
Content-Length: 0
Connection: close
Server: Jetty(9.2.3.v20140905)


Thread 11 ============================================
HTTP/1.1 400 Bad Request
Content-Length: 0
Connection: close
Server: Jetty(9.2.3.v20140905)


=====================================================================
Request completion order:  7  1  9  3  2  4  10  5  6  11  8 
